[{"AdminstrativeKeys":[{"Name":"Root","Keys":["rootID"]},{"Name":"Repository","Keys":["targetsID"]}]}]