
No signatures for signed-repo:unsigned


List of signers and their keys:

SIGNER              KEYS
alice               A
bob                 B

Administrative keys for signed-repo:
Repository Key:	targetsID
Root Key:	rootID
